0158be74cc02831a535ebd72326a663c36e79764a99e19462d617f2f538934a4