8f60074539dab1c95cca763c690b2afb8d4edc07810765d6439a9024330d9178