296efa9843a3ec0fd016c5e3a14ea04d7f712988af01cc85909f625f76903fcb