d3ad2e9bca5dcc8bb915938f0fcfd118ec1a38e4644a416898bc4b40ddfc7997