e4f2bd7e23727048719100b217afe9dd9e84873d9a0a863945a17bc0334057aa