29214222df2cb44b807621dbcef679d420a9ac70be06c62977effd09729b19ac