Starting tests...good luck:
Cisco IOS
============================= test session starts ==============================
platform linux -- Python 3.10.2, pytest-7.1.2, pluggy-1.0.0 -- /home/ktbyers/netmiko/.venv/bin/python3.10
cachedir: .pytest_cache
rootdir: /home/ktbyers/netmiko, configfile: setup.cfg
plugins: pylama-8.3.8
collecting ... collected 24 items

test_netmiko_show.py::test_disable_paging PASSED
test_netmiko_show.py::test_terminal_width PASSED
test_netmiko_show.py::test_ssh_connect PASSED
test_netmiko_show.py::test_ssh_connect_cm PASSED
test_netmiko_show.py::test_send_command_timing PASSED
test_netmiko_show.py::test_send_command_timing_no_cmd_verify SKIPPED
test_netmiko_show.py::test_send_command PASSED
test_netmiko_show.py::test_send_command_no_cmd_verify SKIPPED
test_netmiko_show.py::test_complete_on_space_disabled SKIPPED
test_netmiko_show.py::test_send_command_textfsm PASSED
test_netmiko_show.py::test_send_command_ttp PASSED
test_netmiko_show.py::test_send_command_genie PASSED
test_netmiko_show.py::test_send_multiline_timing PASSED
test_netmiko_show.py::test_send_multiline PASSED
test_netmiko_show.py::test_send_multiline_prompt PASSED
test_netmiko_show.py::test_send_multiline_simple PASSED
test_netmiko_show.py::test_base_prompt PASSED
test_netmiko_show.py::test_strip_prompt PASSED
test_netmiko_show.py::test_strip_command PASSED
test_netmiko_show.py::test_normalize_linefeeds PASSED
test_netmiko_show.py::test_clear_buffer PASSED
test_netmiko_show.py::test_enable_mode PASSED
test_netmiko_show.py::test_disconnect PASSED
test_netmiko_show.py::test_disconnect_no_enable PASSED

=========================== short test summary info ============================
SKIPPED [1] test_netmiko_show.py:70: Skipped
SKIPPED [1] test_netmiko_show.py:88: Skipped
SKIPPED [1] test_netmiko_show.py:110: Skipped
======================== 21 passed, 3 skipped in 46.57s ========================
============================= test session starts ==============================
platform linux -- Python 3.10.2, pytest-7.1.2, pluggy-1.0.0 -- /home/ktbyers/netmiko/.venv/bin/python3.10
cachedir: .pytest_cache
rootdir: /home/ktbyers/netmiko, configfile: setup.cfg
plugins: pylama-8.3.8
collecting ... collected 2 items

test_netmiko_save.py::test_save_base PASSED
test_netmiko_save.py::test_disconnect PASSED

============================== 2 passed in 4.65s ===============================
============================= test session starts ==============================
platform linux -- Python 3.10.2, pytest-7.1.2, pluggy-1.0.0 -- /home/ktbyers/netmiko/.venv/bin/python3.10
cachedir: .pytest_cache
rootdir: /home/ktbyers/netmiko, configfile: setup.cfg
plugins: pylama-8.3.8
collecting ... collected 2 items

test_netmiko_cmd_verify.py::test_cmd_verify_decorator PASSED
test_netmiko_cmd_verify.py::test_send_command_global_cmd_verify PASSED

============================== 2 passed in 1.98s ===============================
============================= test session starts ==============================
platform linux -- Python 3.10.2, pytest-7.1.2, pluggy-1.0.0 -- /home/ktbyers/netmiko/.venv/bin/python3.10
cachedir: .pytest_cache
rootdir: /home/ktbyers/netmiko, configfile: setup.cfg
plugins: pylama-8.3.8
collecting ... collected 12 items

test_netmiko_config.py::test_ssh_connect PASSED
test_netmiko_config.py::test_enable_mode PASSED
test_netmiko_config.py::test_config_mode PASSED
test_netmiko_config.py::test_exit_config_mode PASSED
test_netmiko_config.py::test_config_set PASSED
test_netmiko_config.py::test_config_set_longcommand PASSED
test_netmiko_config.py::test_config_hostname PASSED
test_netmiko_config.py::test_config_from_file PASSED
test_netmiko_config.py::test_config_error_pattern PASSED
test_netmiko_config.py::test_banner PASSED
test_netmiko_config.py::test_global_cmd_verify PASSED
test_netmiko_config.py::test_disconnect PASSED

============================= 12 passed in 33.77s ==============================
============================= test session starts ==============================
platform linux -- Python 3.10.2, pytest-7.1.2, pluggy-1.0.0 -- /home/ktbyers/netmiko/.venv/bin/python3.10
cachedir: .pytest_cache
rootdir: /home/ktbyers/netmiko, configfile: setup.cfg
plugins: pylama-8.3.8
collecting ... collected 1 item

test_netmiko_config_acl.py::test_large_acl PASSED

============================== 1 passed in 4.48s ===============================
============================= test session starts ==============================
platform linux -- Python 3.10.2, pytest-7.1.2, pluggy-1.0.0 -- /home/ktbyers/netmiko/.venv/bin/python3.10
cachedir: .pytest_cache
rootdir: /home/ktbyers/netmiko, configfile: setup.cfg
plugins: pylama-8.3.8
collecting ... collected 6 items

test_netmiko_tcl.py::test_tcl_put PASSED
test_netmiko_tcl.py::test_remote_space_available PASSED
test_netmiko_tcl.py::test_verify_space_available_put PASSED
test_netmiko_tcl.py::test_remote_file_size PASSED
test_netmiko_tcl.py::test_md5_methods PASSED
test_netmiko_tcl.py::test_disconnect PASSED

============================== 6 passed in 10.11s ==============================
============================= test session starts ==============================
platform linux -- Python 3.10.2, pytest-7.1.2, pluggy-1.0.0 -- /home/ktbyers/netmiko/.venv/bin/python3.10
cachedir: .pytest_cache
rootdir: /home/ktbyers/netmiko, configfile: setup.cfg
plugins: pylama-8.3.8
collecting ... collected 12 items

test_netmiko_scp.py::test_scp_put PASSED
test_netmiko_scp.py::test_remote_space_available PASSED
test_netmiko_scp.py::test_local_space_available PASSED
test_netmiko_scp.py::test_verify_space_available_put PASSED
test_netmiko_scp.py::test_remote_file_size PASSED
test_netmiko_scp.py::test_md5_methods PASSED
test_netmiko_scp.py::test_disconnect PASSED
test_netmiko_scp.py::test_verify_space_available_get PASSED
test_netmiko_scp.py::test_scp_get PASSED
test_netmiko_scp.py::test_md5_methods_get PASSED
test_netmiko_scp.py::test_disconnect_get PASSED
test_netmiko_scp.py::test_file_transfer PASSED

============================= 12 passed in 18.59s ==============================
============================= test session starts ==============================
platform linux -- Python 3.10.2, pytest-7.1.2, pluggy-1.0.0 -- /home/ktbyers/netmiko/.venv/bin/python3.10
cachedir: .pytest_cache
rootdir: /home/ktbyers/netmiko, configfile: setup.cfg
plugins: pylama-8.3.8
collecting ... collected 1 item

test_netmiko_autodetect.py::test_ssh_connect cisco_ios
PASSED

============================== 1 passed in 6.43s ===============================
