7f00e0e1d2f7f154895c0392816750984ddcbcde290a87df475a3ff1ef151308