bf6067aaba914c449080a8e477d8b206dd3a756085874be4ec0d902850d3f0a1