11578c1823d8fad0143bb1afd195a6dbc5b36a11834ab04d1babe7d5750b5341