79741eae7ac50457a67f06d2913f549080739dada5033b3015fb68b494536c5a