fff3c6f147a40ba9b47a4f6b39fc307934db891659d3d06258ab4b2458a5650f