7040e4b5a4b82f2c4c511e62a125239dbb07ac171673ba167ab9e39d4e491763