329f4ff2c3855f541ff2f85d0ba5ad4a87c73610914f84483c8462b095a8007e