db8429d5f2a87335cfb3ca005b13a12267b3ba4ef369c72ee2d6dd237c4cf12a