3b62fa381e9183353cac12f8e6ced23ea42931ed4f89ffe24625b6ec9f236ab5