f2c5ae1c73a0d8abfbffb36b09bd74929e9b680bdb548f5faa1213a4c0423fe8