abeff9a432127674cff36acb36f45cd2665eebf75b589693db6676885e37c59c