eb81c0dfd2432b1ebf0bb052d6fa3a529438614c00210cfdc276bbcc2f3045d5