1905948eb76ebc8ff077a8cd1171e5763beca75eabc64981941e297c31f586f6