94d8bb8fa9545152d59e4b9e141feb2c6190576457350cc6335186b024e99967